<?xml version="1.0"?>
<link_info>
   <banner>TI ARM Linker PC v5.1.1</banner>
   <copyright>Copyright (c) 1996-2013 Texas Instruments Incorporated</copyright>
   <link_time>0x564f9735</link_time>
   <link_errors>0x0</link_errors>
   <output_file>ECED4402_a3.out</output_file>
   <entry_point>
      <name>_c_int00</name>
      <address>0x4f81</address>
   </entry_point>
   <input_file_list>
      <input_file id="fl-2">
         <path>.\</path>
         <kind>object</kind>
         <file>uart.obj</file>
         <name>uart.obj</name>
      </input_file>
      <input_file id="fl-3">
         <path>.\</path>
         <kind>object</kind>
         <file>thread.obj</file>
         <name>thread.obj</name>
      </input_file>
      <input_file id="fl-4">
         <path>.\</path>
         <kind>object</kind>
         <file>testcase.obj</file>
         <name>testcase.obj</name>
      </input_file>
      <input_file id="fl-5">
         <path>.\</path>
         <kind>object</kind>
         <file>systick.obj</file>
         <name>systick.obj</name>
      </input_file>
      <input_file id="fl-6">
         <path>.\</path>
         <kind>object</kind>
         <file>process.obj</file>
         <name>process.obj</name>
      </input_file>
      <input_file id="fl-7">
         <path>.\</path>
         <kind>object</kind>
         <file>memory.obj</file>
         <name>memory.obj</name>
      </input_file>
      <input_file id="fl-8">
         <path>.\</path>
         <kind>object</kind>
         <file>main.obj</file>
         <name>main.obj</name>
      </input_file>
      <input_file id="fl-9">
         <path>.\</path>
         <kind>object</kind>
         <file>lm3s9d92_startup_ccs.obj</file>
         <name>lm3s9d92_startup_ccs.obj</name>
      </input_file>
      <input_file id="fl-a">
         <path>.\</path>
         <kind>object</kind>
         <file>cursor.obj</file>
         <name>cursor.obj</name>
      </input_file>
      <input_file id="fl-b">
         <path>.\</path>
         <kind>object</kind>
         <file>clock.obj</file>
         <name>clock.obj</name>
      </input_file>
      <input_file id="fl-c">
         <path>.\</path>
         <kind>object</kind>
         <file>SVCCall.obj</file>
         <name>SVCCall.obj</name>
      </input_file>
      <input_file id="fl-d">
         <path>.\</path>
         <kind>object</kind>
         <file>Queue.obj</file>
         <name>Queue.obj</name>
      </input_file>
      <input_file id="fl-e">
         <path>.\</path>
         <kind>object</kind>
         <file>PriorityQueue.obj</file>
         <name>PriorityQueue.obj</name>
      </input_file>
      <input_file id="fl-f">
         <path>.\</path>
         <kind>object</kind>
         <file>PendSVHandler.obj</file>
         <name>PendSVHandler.obj</name>
      </input_file>
      <input_file id="fl-10">
         <path>.\</path>
         <kind>object</kind>
         <file>PcbQueue.obj</file>
         <name>PcbQueue.obj</name>
      </input_file>
      <input_file id="fl-11">
         <path>.\</path>
         <kind>object</kind>
         <file>Kernel.obj</file>
         <name>Kernel.obj</name>
      </input_file>
      <input_file id="fl-12">
         <path>.\</path>
         <kind>object</kind>
         <file>ControlSoftware.obj</file>
         <name>ControlSoftware.obj</name>
      </input_file>
      <input_file id="fl-13f">
         <path>C:\ti\ccsv5\tools\compiler\arm_5.1.1\lib\</path>
         <kind>archive</kind>
         <file>rtsv7M3_T_le_eabi.lib</file>
         <name>boot.obj</name>
      </input_file>
      <input_file id="fl-140">
         <path>C:\ti\ccsv5\tools\compiler\arm_5.1.1\lib\</path>
         <kind>archive</kind>
         <file>rtsv7M3_T_le_eabi.lib</file>
         <name>copy_decompress_none.obj</name>
      </input_file>
      <input_file id="fl-141">
         <path>C:\ti\ccsv5\tools\compiler\arm_5.1.1\lib\</path>
         <kind>archive</kind>
         <file>rtsv7M3_T_le_eabi.lib</file>
         <name>copy_decompress_rle.obj</name>
      </input_file>
      <input_file id="fl-142">
         <path>C:\ti\ccsv5\tools\compiler\arm_5.1.1\lib\</path>
         <kind>archive</kind>
         <file>rtsv7M3_T_le_eabi.lib</file>
         <name>copy_zero_init.obj</name>
      </input_file>
      <input_file id="fl-143">
         <path>C:\ti\ccsv5\tools\compiler\arm_5.1.1\lib\</path>
         <kind>archive</kind>
         <file>rtsv7M3_T_le_eabi.lib</file>
         <name>exit.obj</name>
      </input_file>
      <input_file id="fl-144">
         <path>C:\ti\ccsv5\tools\compiler\arm_5.1.1\lib\</path>
         <kind>archive</kind>
         <file>rtsv7M3_T_le_eabi.lib</file>
         <name>memcpy_t2.obj</name>
      </input_file>
      <input_file id="fl-145">
         <path>C:\ti\ccsv5\tools\compiler\arm_5.1.1\lib\</path>
         <kind>archive</kind>
         <file>rtsv7M3_T_le_eabi.lib</file>
         <name>printf.obj</name>
      </input_file>
      <input_file id="fl-146">
         <path>C:\ti\ccsv5\tools\compiler\arm_5.1.1\lib\</path>
         <kind>archive</kind>
         <file>rtsv7M3_T_le_eabi.lib</file>
         <name>stkdepth_vars.obj</name>
      </input_file>
      <input_file id="fl-147">
         <path>C:\ti\ccsv5\tools\compiler\arm_5.1.1\lib\</path>
         <kind>archive</kind>
         <file>rtsv7M3_T_le_eabi.lib</file>
         <name>_lock.obj</name>
      </input_file>
      <input_file id="fl-148">
         <path>C:\ti\ccsv5\tools\compiler\arm_5.1.1\lib\</path>
         <kind>archive</kind>
         <file>rtsv7M3_T_le_eabi.lib</file>
         <name>_printfi.obj</name>
      </input_file>
      <input_file id="fl-149">
         <path>C:\ti\ccsv5\tools\compiler\arm_5.1.1\lib\</path>
         <kind>archive</kind>
         <file>rtsv7M3_T_le_eabi.lib</file>
         <name>args_main.obj</name>
      </input_file>
      <input_file id="fl-14a">
         <path>C:\ti\ccsv5\tools\compiler\arm_5.1.1\lib\</path>
         <kind>archive</kind>
         <file>rtsv7M3_T_le_eabi.lib</file>
         <name>atoi.obj</name>
      </input_file>
      <input_file id="fl-14b">
         <path>C:\ti\ccsv5\tools\compiler\arm_5.1.1\lib\</path>
         <kind>archive</kind>
         <file>rtsv7M3_T_le_eabi.lib</file>
         <name>auto_init.obj</name>
      </input_file>
      <input_file id="fl-14c">
         <path>C:\ti\ccsv5\tools\compiler\arm_5.1.1\lib\</path>
         <kind>archive</kind>
         <file>rtsv7M3_T_le_eabi.lib</file>
         <name>cpy_tbl.obj</name>
      </input_file>
      <input_file id="fl-14d">
         <path>C:\ti\ccsv5\tools\compiler\arm_5.1.1\lib\</path>
         <kind>archive</kind>
         <file>rtsv7M3_T_le_eabi.lib</file>
         <name>ctype.obj</name>
      </input_file>
      <input_file id="fl-14e">
         <path>C:\ti\ccsv5\tools\compiler\arm_5.1.1\lib\</path>
         <kind>archive</kind>
         <file>rtsv7M3_T_le_eabi.lib</file>
         <name>defs.obj</name>
      </input_file>
      <input_file id="fl-14f">
         <path>C:\ti\ccsv5\tools\compiler\arm_5.1.1\lib\</path>
         <kind>archive</kind>
         <file>rtsv7M3_T_le_eabi.lib</file>
         <name>fd_add_t2.obj</name>
      </input_file>
      <input_file id="fl-150">
         <path>C:\ti\ccsv5\tools\compiler\arm_5.1.1\lib\</path>
         <kind>archive</kind>
         <file>rtsv7M3_T_le_eabi.lib</file>
         <name>fd_cmp_t2.obj</name>
      </input_file>
      <input_file id="fl-151">
         <path>C:\ti\ccsv5\tools\compiler\arm_5.1.1\lib\</path>
         <kind>archive</kind>
         <file>rtsv7M3_T_le_eabi.lib</file>
         <name>fd_div_t2.obj</name>
      </input_file>
      <input_file id="fl-152">
         <path>C:\ti\ccsv5\tools\compiler\arm_5.1.1\lib\</path>
         <kind>archive</kind>
         <file>rtsv7M3_T_le_eabi.lib</file>
         <name>fd_mul_t2.obj</name>
      </input_file>
      <input_file id="fl-153">
         <path>C:\ti\ccsv5\tools\compiler\arm_5.1.1\lib\</path>
         <kind>archive</kind>
         <file>rtsv7M3_T_le_eabi.lib</file>
         <name>fd_toi_t2.obj</name>
      </input_file>
      <input_file id="fl-154">
         <path>C:\ti\ccsv5\tools\compiler\arm_5.1.1\lib\</path>
         <kind>archive</kind>
         <file>rtsv7M3_T_le_eabi.lib</file>
         <name>fputc.obj</name>
      </input_file>
      <input_file id="fl-155">
         <path>C:\ti\ccsv5\tools\compiler\arm_5.1.1\lib\</path>
         <kind>archive</kind>
         <file>rtsv7M3_T_le_eabi.lib</file>
         <name>fputs.obj</name>
      </input_file>
      <input_file id="fl-156">
         <path>C:\ti\ccsv5\tools\compiler\arm_5.1.1\lib\</path>
         <kind>archive</kind>
         <file>rtsv7M3_T_le_eabi.lib</file>
         <name>i_tofd_t2.obj</name>
      </input_file>
      <input_file id="fl-157">
         <path>C:\ti\ccsv5\tools\compiler\arm_5.1.1\lib\</path>
         <kind>archive</kind>
         <file>rtsv7M3_T_le_eabi.lib</file>
         <name>ll_mul_t2.obj</name>
      </input_file>
      <input_file id="fl-158">
         <path>C:\ti\ccsv5\tools\compiler\arm_5.1.1\lib\</path>
         <kind>archive</kind>
         <file>rtsv7M3_T_le_eabi.lib</file>
         <name>lowlev.obj</name>
      </input_file>
      <input_file id="fl-159">
         <path>C:\ti\ccsv5\tools\compiler\arm_5.1.1\lib\</path>
         <kind>archive</kind>
         <file>rtsv7M3_T_le_eabi.lib</file>
         <name>ltoa.obj</name>
      </input_file>
      <input_file id="fl-15a">
         <path>C:\ti\ccsv5\tools\compiler\arm_5.1.1\lib\</path>
         <kind>archive</kind>
         <file>rtsv7M3_T_le_eabi.lib</file>
         <name>memccpy.obj</name>
      </input_file>
      <input_file id="fl-15b">
         <path>C:\ti\ccsv5\tools\compiler\arm_5.1.1\lib\</path>
         <kind>archive</kind>
         <file>rtsv7M3_T_le_eabi.lib</file>
         <name>memchr.obj</name>
      </input_file>
      <input_file id="fl-15c">
         <path>C:\ti\ccsv5\tools\compiler\arm_5.1.1\lib\</path>
         <kind>archive</kind>
         <file>rtsv7M3_T_le_eabi.lib</file>
         <name>memset_t2.obj</name>
      </input_file>
      <input_file id="fl-15d">
         <path>C:\ti\ccsv5\tools\compiler\arm_5.1.1\lib\</path>
         <kind>archive</kind>
         <file>rtsv7M3_T_le_eabi.lib</file>
         <name>strchr.obj</name>
      </input_file>
      <input_file id="fl-15e">
         <path>C:\ti\ccsv5\tools\compiler\arm_5.1.1\lib\</path>
         <kind>archive</kind>
         <file>rtsv7M3_T_le_eabi.lib</file>
         <name>strcmp.obj</name>
      </input_file>
      <input_file id="fl-15f">
         <path>C:\ti\ccsv5\tools\compiler\arm_5.1.1\lib\</path>
         <kind>archive</kind>
         <file>rtsv7M3_T_le_eabi.lib</file>
         <name>strlen.obj</name>
      </input_file>
      <input_file id="fl-160">
         <path>C:\ti\ccsv5\tools\compiler\arm_5.1.1\lib\</path>
         <kind>archive</kind>
         <file>rtsv7M3_T_le_eabi.lib</file>
         <name>strncpy.obj</name>
      </input_file>
      <input_file id="fl-161">
         <path>C:\ti\ccsv5\tools\compiler\arm_5.1.1\lib\</path>
         <kind>archive</kind>
         <file>rtsv7M3_T_le_eabi.lib</file>
         <name>trgdrv.obj</name>
      </input_file>
      <input_file id="fl-162">
         <path>C:\ti\ccsv5\tools\compiler\arm_5.1.1\lib\</path>
         <kind>archive</kind>
         <file>rtsv7M3_T_le_eabi.lib</file>
         <name>trgmsg.obj</name>
      </input_file>
      <input_file id="fl-163">
         <path>C:\ti\ccsv5\tools\compiler\arm_5.1.1\lib\</path>
         <kind>archive</kind>
         <file>rtsv7M3_T_le_eabi.lib</file>
         <name>ull_div_t2.obj</name>
      </input_file>
      <input_file id="fl-164">
         <path>C:\ti\ccsv5\tools\compiler\arm_5.1.1\lib\</path>
         <kind>archive</kind>
         <file>rtsv7M3_T_le_eabi.lib</file>
         <name>xdclass.obj</name>
      </input_file>
      <input_file id="fl-165">
         <path>C:\ti\ccsv5\tools\compiler\arm_5.1.1\lib\</path>
         <kind>archive</kind>
         <file>rtsv7M3_T_le_eabi.lib</file>
         <name>xdtest.obj</name>
      </input_file>
      <input_file id="fl-166">
         <path>C:\ti\ccsv5\tools\compiler\arm_5.1.1\lib\</path>
         <kind>archive</kind>
         <file>rtsv7M3_T_le_eabi.lib</file>
         <name>_io_perm.obj</name>
      </input_file>
      <input_file id="fl-167">
         <path>C:\ti\ccsv5\tools\compiler\arm_5.1.1\lib\</path>
         <kind>archive</kind>
         <file>rtsv7M3_T_le_eabi.lib</file>
         <name>fflush.obj</name>
      </input_file>
      <input_file id="fl-168">
         <path>C:\ti\ccsv5\tools\compiler\arm_5.1.1\lib\</path>
         <kind>archive</kind>
         <file>rtsv7M3_T_le_eabi.lib</file>
         <name>fseek.obj</name>
      </input_file>
      <input_file id="fl-169">
         <path>C:\ti\ccsv5\tools\compiler\arm_5.1.1\lib\</path>
         <kind>archive</kind>
         <file>rtsv7M3_T_le_eabi.lib</file>
         <name>setvbuf.obj</name>
      </input_file>
      <input_file id="fl-16a">
         <path>C:\ti\ccsv5\tools\compiler\arm_5.1.1\lib\</path>
         <kind>archive</kind>
         <file>rtsv7M3_T_le_eabi.lib</file>
         <name>strcpy.obj</name>
      </input_file>
      <input_file id="fl-16b">
         <path>C:\ti\ccsv5\tools\compiler\arm_5.1.1\lib\</path>
         <kind>archive</kind>
         <file>rtsv7M3_T_le_eabi.lib</file>
         <name>fopen.obj</name>
      </input_file>
      <input_file id="fl-16c">
         <path>C:\ti\ccsv5\tools\compiler\arm_5.1.1\lib\</path>
         <kind>archive</kind>
         <file>rtsv7M3_T_le_eabi.lib</file>
         <name>memory.obj</name>
      </input_file>
      <input_file id="fl-16d">
         <path>C:\ti\ccsv5\tools\compiler\arm_5.1.1\lib\</path>
         <kind>archive</kind>
         <file>rtsv7M3_T_le_eabi.lib</file>
         <name>fclose.obj</name>
      </input_file>
      <input_file id="fl-16e">
         <path>C:\ti\ccsv5\tools\compiler\arm_5.1.1\lib\</path>
         <kind>archive</kind>
         <file>rtsv7M3_T_le_eabi.lib</file>
         <name>remove.obj</name>
      </input_file>
   </input_file_list>
   <object_component_list>
      <object_component id="oc-e">
         <name>.intvecs</name>
         <load_address>0x0</load_address>
         <run_address>0x0</run_address>
         <size>0x11c</size>
         <input_file_ref idref="fl-9"/>
      </object_component>
      <object_component id="oc-fa">
         <name>.text</name>
         <load_address>0x11c</load_address>
         <run_address>0x11c</run_address>
         <size>0xe78</size>
         <input_file_ref idref="fl-148"/>
      </object_component>
      <object_component id="oc-a7">
         <name>.text</name>
         <load_address>0xf94</load_address>
         <run_address>0xf94</run_address>
         <size>0x9ec</size>
         <input_file_ref idref="fl-12"/>
      </object_component>
      <object_component id="oc-ad">
         <name>.text</name>
         <load_address>0x1980</load_address>
         <run_address>0x1980</run_address>
         <size>0x688</size>
         <input_file_ref idref="fl-7"/>
      </object_component>
      <object_component id="oc-27d">
         <name>.text</name>
         <load_address>0x2008</load_address>
         <run_address>0x2008</run_address>
         <size>0x3cc</size>
         <input_file_ref idref="fl-16c"/>
      </object_component>
      <object_component id="oc-93">
         <name>.text</name>
         <load_address>0x23d4</load_address>
         <run_address>0x23d4</run_address>
         <size>0x37c</size>
         <input_file_ref idref="fl-e"/>
      </object_component>
      <object_component id="oc-185">
         <name>.text</name>
         <load_address>0x2750</load_address>
         <run_address>0x2750</run_address>
         <size>0x310</size>
         <input_file_ref idref="fl-158"/>
      </object_component>
      <object_component id="oc-143">
         <name>.text</name>
         <load_address>0x2a60</load_address>
         <run_address>0x2a60</run_address>
         <size>0x310</size>
         <input_file_ref idref="fl-3"/>
      </object_component>
      <object_component id="oc-29a">
         <name>.text</name>
         <load_address>0x2d70</load_address>
         <run_address>0x2d70</run_address>
         <size>0x2d4</size>
         <input_file_ref idref="fl-161"/>
      </object_component>
      <object_component id="oc-7f">
         <name>.text</name>
         <load_address>0x3044</load_address>
         <run_address>0x3044</run_address>
         <size>0x2d0</size>
         <input_file_ref idref="fl-10"/>
      </object_component>
      <object_component id="oc-a0">
         <name>.text</name>
         <load_address>0x3314</load_address>
         <run_address>0x3314</run_address>
         <size>0x258</size>
         <input_file_ref idref="fl-b"/>
      </object_component>
      <object_component id="oc-198">
         <name>.text</name>
         <load_address>0x356c</load_address>
         <run_address>0x356c</run_address>
         <size>0x1f4</size>
         <input_file_ref idref="fl-163"/>
      </object_component>
      <object_component id="oc-3a">
         <name>.text</name>
         <load_address>0x3760</load_address>
         <run_address>0x3760</run_address>
         <size>0x1f0</size>
         <input_file_ref idref="fl-2"/>
      </object_component>
      <object_component id="oc-282">
         <name>.text</name>
         <load_address>0x3950</load_address>
         <run_address>0x3950</run_address>
         <size>0x1c0</size>
         <input_file_ref idref="fl-16b"/>
      </object_component>
      <object_component id="oc-1bd">
         <name>.text</name>
         <load_address>0x3b10</load_address>
         <run_address>0x3b10</run_address>
         <size>0x1b6</size>
         <input_file_ref idref="fl-14f"/>
      </object_component>
      <object_component id="oc-84">
         <name>.text</name>
         <load_address>0x3cc8</load_address>
         <run_address>0x3cc8</run_address>
         <size>0x16c</size>
         <input_file_ref idref="fl-d"/>
      </object_component>
      <object_component id="oc-1a8">
         <name>.text</name>
         <load_address>0x3e34</load_address>
         <run_address>0x3e34</run_address>
         <size>0x136</size>
         <input_file_ref idref="fl-151"/>
      </object_component>
      <object_component id="oc-f5">
         <name>.text</name>
         <load_address>0x3f6c</load_address>
         <run_address>0x3f6c</run_address>
         <size>0x134</size>
         <input_file_ref idref="fl-155"/>
      </object_component>
      <object_component id="oc-134">
         <name>.text</name>
         <load_address>0x40a0</load_address>
         <run_address>0x40a0</run_address>
         <size>0x118</size>
         <input_file_ref idref="fl-a"/>
      </object_component>
      <object_component id="oc-2b">
         <name>.text</name>
         <load_address>0x41b8</load_address>
         <run_address>0x41b8</run_address>
         <size>0x108</size>
         <input_file_ref idref="fl-c"/>
      </object_component>
      <object_component id="oc-1a4">
         <name>.text</name>
         <load_address>0x42c0</load_address>
         <run_address>0x42c0</run_address>
         <size>0xfc</size>
         <input_file_ref idref="fl-152"/>
      </object_component>
      <object_component id="oc-220">
         <name>.text</name>
         <load_address>0x43bc</load_address>
         <run_address>0x43bc</run_address>
         <size>0xdc</size>
         <input_file_ref idref="fl-169"/>
      </object_component>
      <object_component id="oc-180">
         <name>.text</name>
         <load_address>0x4498</load_address>
         <run_address>0x4498</run_address>
         <size>0xc0</size>
         <input_file_ref idref="fl-167"/>
      </object_component>
      <object_component id="oc-17b">
         <name>.text</name>
         <load_address>0x4558</load_address>
         <run_address>0x4558</run_address>
         <size>0xac</size>
         <input_file_ref idref="fl-166"/>
      </object_component>
      <object_component id="oc-35">
         <name>.text</name>
         <load_address>0x4604</load_address>
         <run_address>0x4604</run_address>
         <size>0xa0</size>
         <input_file_ref idref="fl-5"/>
      </object_component>
      <object_component id="oc-f0">
         <name>.text</name>
         <load_address>0x46a4</load_address>
         <run_address>0x46a4</run_address>
         <size>0x9c</size>
         <input_file_ref idref="fl-154"/>
      </object_component>
      <object_component id="oc-53">
         <name>.text</name>
         <load_address>0x4740</load_address>
         <run_address>0x4740</run_address>
         <size>0x9c</size>
         <input_file_ref idref="fl-144"/>
      </object_component>
      <object_component id="oc-2bc">
         <name>.text</name>
         <load_address>0x47dc</load_address>
         <run_address>0x47dc</run_address>
         <size>0x98</size>
         <input_file_ref idref="fl-16d"/>
      </object_component>
      <object_component id="oc-42">
         <name>.text</name>
         <load_address>0x4874</load_address>
         <run_address>0x4874</run_address>
         <size>0x94</size>
         <input_file_ref idref="fl-14b"/>
      </object_component>
      <object_component id="oc-1a0">
         <name>.text:__aeabi_cdcmple</name>
         <load_address>0x4908</load_address>
         <run_address>0x4908</run_address>
         <size>0x7e</size>
         <input_file_ref idref="fl-150"/>
      </object_component>
      <object_component id="oc-1ac">
         <name>.text:__aeabi_cdrcmple</name>
         <load_address>0x4986</load_address>
         <run_address>0x4986</run_address>
         <size>0x7e</size>
         <input_file_ref idref="fl-150"/>
      </object_component>
      <object_component id="oc-1c1">
         <name>.text</name>
         <load_address>0x4a04</load_address>
         <run_address>0x4a04</run_address>
         <size>0x78</size>
         <input_file_ref idref="fl-15c"/>
      </object_component>
      <object_component id="oc-128">
         <name>.text</name>
         <load_address>0x4a7c</load_address>
         <run_address>0x4a7c</run_address>
         <size>0x74</size>
         <input_file_ref idref="fl-11"/>
      </object_component>
      <object_component id="oc-7a">
         <name>.text</name>
         <load_address>0x4af0</load_address>
         <run_address>0x4af0</run_address>
         <size>0x74</size>
         <input_file_ref idref="fl-6"/>
      </object_component>
      <object_component id="oc-74">
         <name>.text</name>
         <load_address>0x4b64</load_address>
         <run_address>0x4b64</run_address>
         <size>0x70</size>
         <input_file_ref idref="fl-145"/>
      </object_component>
      <object_component id="oc-c3">
         <name>.text</name>
         <load_address>0x4bd4</load_address>
         <run_address>0x4bd4</run_address>
         <size>0x6c</size>
         <input_file_ref idref="fl-8"/>
      </object_component>
      <object_component id="oc-30">
         <name>.text</name>
         <load_address>0x4c40</load_address>
         <run_address>0x4c40</run_address>
         <size>0x64</size>
         <input_file_ref idref="fl-f"/>
      </object_component>
      <object_component id="oc-21b">
         <name>.text</name>
         <load_address>0x4ca4</load_address>
         <run_address>0x4ca4</run_address>
         <size>0x64</size>
         <input_file_ref idref="fl-168"/>
      </object_component>
      <object_component id="oc-2cc">
         <name>.text</name>
         <load_address>0x4d08</load_address>
         <run_address>0x4d08</run_address>
         <size>0x60</size>
         <input_file_ref idref="fl-162"/>
      </object_component>
      <object_component id="oc-65">
         <name>.text</name>
         <load_address>0x4d68</load_address>
         <run_address>0x4d68</run_address>
         <size>0x5e</size>
         <input_file_ref idref="fl-141"/>
      </object_component>
      <object_component id="oc-1b4">
         <name>.text</name>
         <load_address>0x4dc6</load_address>
         <run_address>0x4dc6</run_address>
         <size>0x5a</size>
         <input_file_ref idref="fl-159"/>
      </object_component>
      <object_component id="oc-1cf">
         <name>.text</name>
         <load_address>0x4e20</load_address>
         <run_address>0x4e20</run_address>
         <size>0x4c</size>
         <input_file_ref idref="fl-14a"/>
      </object_component>
      <object_component id="oc-1b0">
         <name>.text</name>
         <load_address>0x4e6c</load_address>
         <run_address>0x4e6c</run_address>
         <size>0x48</size>
         <input_file_ref idref="fl-153"/>
      </object_component>
      <object_component id="oc-bd">
         <name>.text</name>
         <load_address>0x4eb4</load_address>
         <run_address>0x4eb4</run_address>
         <size>0x44</size>
         <input_file_ref idref="fl-14c"/>
      </object_component>
      <object_component id="oc-4b">
         <name>.text</name>
         <load_address>0x4ef8</load_address>
         <run_address>0x4ef8</run_address>
         <size>0x44</size>
         <input_file_ref idref="fl-143"/>
      </object_component>
      <object_component id="oc-257">
         <name>.text</name>
         <load_address>0x4f3c</load_address>
         <run_address>0x4f3c</run_address>
         <size>0x44</size>
         <input_file_ref idref="fl-165"/>
      </object_component>
      <object_component id="oc-10">
         <name>.text</name>
         <load_address>0x4f80</load_address>
         <run_address>0x4f80</run_address>
         <size>0x34</size>
         <input_file_ref idref="fl-13f"/>
      </object_component>
      <object_component id="oc-235">
         <name>.text</name>
         <load_address>0x4fb4</load_address>
         <run_address>0x4fb4</run_address>
         <size>0x30</size>
         <input_file_ref idref="fl-160"/>
      </object_component>
      <object_component id="oc-1b9">
         <name>.text</name>
         <load_address>0x4fe4</load_address>
         <run_address>0x4fe4</run_address>
         <size>0x2e</size>
         <input_file_ref idref="fl-156"/>
      </object_component>
      <object_component id="oc-26">
         <name>.text</name>
         <load_address>0x5014</load_address>
         <run_address>0x5014</run_address>
         <size>0x1e</size>
         <input_file_ref idref="fl-9"/>
      </object_component>
      <object_component id="oc-1ca">
         <name>.text</name>
         <load_address>0x5032</load_address>
         <run_address>0x5032</run_address>
         <size>0x1a</size>
         <input_file_ref idref="fl-15a"/>
      </object_component>
      <object_component id="oc-46">
         <name>.text</name>
         <load_address>0x504c</load_address>
         <run_address>0x504c</run_address>
         <size>0x18</size>
         <input_file_ref idref="fl-149"/>
      </object_component>
      <object_component id="oc-19c">
         <name>.text</name>
         <load_address>0x5064</load_address>
         <run_address>0x5064</run_address>
         <size>0x18</size>
         <input_file_ref idref="fl-157"/>
      </object_component>
      <object_component id="oc-22b">
         <name>.text</name>
         <load_address>0x507c</load_address>
         <run_address>0x507c</run_address>
         <size>0x18</size>
         <input_file_ref idref="fl-15e"/>
      </object_component>
      <object_component id="oc-191">
         <name>.text</name>
         <load_address>0x5094</load_address>
         <run_address>0x5094</run_address>
         <size>0x16</size>
         <input_file_ref idref="fl-15b"/>
      </object_component>
      <object_component id="oc-230">
         <name>.text</name>
         <load_address>0x50aa</load_address>
         <run_address>0x50aa</run_address>
         <size>0x16</size>
         <input_file_ref idref="fl-15d"/>
      </object_component>
      <object_component id="oc-16f">
         <name>.text</name>
         <load_address>0x50c0</load_address>
         <run_address>0x50c0</run_address>
         <size>0x14</size>
         <input_file_ref idref="fl-147"/>
      </object_component>
      <object_component id="oc-18c">
         <name>.text</name>
         <load_address>0x50d4</load_address>
         <run_address>0x50d4</run_address>
         <size>0x14</size>
         <input_file_ref idref="fl-15f"/>
      </object_component>
      <object_component id="oc-19">
         <name>.text:decompress:ZI</name>
         <load_address>0x50e8</load_address>
         <run_address>0x50e8</run_address>
         <size>0x12</size>
         <input_file_ref idref="fl-142"/>
      </object_component>
      <object_component id="oc-2d1">
         <name>.text</name>
         <load_address>0x50fa</load_address>
         <run_address>0x50fa</run_address>
         <size>0x12</size>
         <input_file_ref idref="fl-16a"/>
      </object_component>
      <object_component id="oc-14">
         <name>.text:decompress:none</name>
         <load_address>0x510c</load_address>
         <run_address>0x510c</run_address>
         <size>0xe</size>
         <input_file_ref idref="fl-140"/>
      </object_component>
      <object_component id="oc-1c5">
         <name>.text</name>
         <load_address>0x511a</load_address>
         <run_address>0x511a</run_address>
         <size>0xe</size>
         <input_file_ref idref="fl-164"/>
      </object_component>
      <object_component id="oc-1e">
         <name>.text:decompress:rle24</name>
         <load_address>0x5128</load_address>
         <run_address>0x5128</run_address>
         <size>0x6</size>
         <input_file_ref idref="fl-141"/>
      </object_component>
      <object_component id="oc-25f">
         <name>.const:.string:_ctypes_</name>
         <load_address>0x512e</load_address>
         <run_address>0x512e</run_address>
         <size>0x102</size>
         <input_file_ref idref="fl-14d"/>
      </object_component>
      <object_component id="oc-318">
         <name>.cinit..data.load</name>
         <load_address>0x5230</load_address>
         <run_address>0x5230</run_address>
         <size>0x90</size>
      </object_component>
      <object_component id="oc-316">
         <name>__TI_handler_table</name>
         <load_address>0x52c0</load_address>
         <run_address>0x52c0</run_address>
         <size>0xc</size>
      </object_component>
      <object_component id="oc-319">
         <name>.cinit..bss.load</name>
         <load_address>0x52d0</load_address>
         <run_address>0x52d0</run_address>
         <size>0x8</size>
      </object_component>
      <object_component id="oc-317">
         <name>__TI_cinit_table</name>
         <load_address>0x52d8</load_address>
         <run_address>0x52d8</run_address>
         <size>0x10</size>
      </object_component>
      <object_component id="oc-50">
         <name>.data</name>
         <load_address>0x20001018</load_address>
         <run_address>0x20001018</run_address>
         <size>0x4</size>
         <input_file_ref idref="fl-146"/>
      </object_component>
      <object_component id="oc-89">
         <name>.data</name>
         <load_address>0x20001010</load_address>
         <run_address>0x20001010</run_address>
         <size>0x4</size>
         <input_file_ref idref="fl-c"/>
      </object_component>
      <object_component id="oc-ca">
         <name>.data</name>
         <load_address>0x20001000</load_address>
         <run_address>0x20001000</run_address>
         <size>0x8</size>
         <input_file_ref idref="fl-147"/>
      </object_component>
      <object_component id="oc-cc">
         <name>.data</name>
         <load_address>0x20001008</load_address>
         <run_address>0x20001008</run_address>
         <size>0x8</size>
         <input_file_ref idref="fl-143"/>
      </object_component>
      <object_component id="oc-ff">
         <name>.data:_ftable</name>
         <load_address>0x20000e10</load_address>
         <run_address>0x20000e10</run_address>
         <size>0xf0</size>
         <input_file_ref idref="fl-14e"/>
      </object_component>
      <object_component id="oc-1fd">
         <name>.data</name>
         <load_address>0x20000fd0</load_address>
         <run_address>0x20000fd0</run_address>
         <size>0x14</size>
         <input_file_ref idref="fl-a"/>
      </object_component>
      <object_component id="oc-227">
         <name>.data</name>
         <load_address>0x20000fe4</load_address>
         <run_address>0x20000fe4</run_address>
         <size>0x10</size>
         <input_file_ref idref="fl-14e"/>
      </object_component>
      <object_component id="oc-23a">
         <name>.data</name>
         <load_address>0x20000f00</load_address>
         <run_address>0x20000f00</run_address>
         <size>0xd0</size>
         <input_file_ref idref="fl-158"/>
      </object_component>
      <object_component id="oc-2b9">
         <name>.data</name>
         <load_address>0x20000ff4</load_address>
         <run_address>0x20000ff4</run_address>
         <size>0xc</size>
         <input_file_ref idref="fl-16c"/>
      </object_component>
      <object_component id="oc-2c1">
         <name>.data</name>
         <load_address>0x20001014</load_address>
         <run_address>0x20001014</run_address>
         <size>0x4</size>
         <input_file_ref idref="fl-16b"/>
      </object_component>
      <object_component id="oc-158">
         <name>.bss:memory_management</name>
         <uninitialized>true</uninitialized>
         <run_address>0x20000000</run_address>
         <size>0x3e0</size>
         <input_file_ref idref="fl-7"/>
      </object_component>
      <object_component id="oc-2e4">
         <name>.bss:__TI_tmpnams</name>
         <uninitialized>true</uninitialized>
         <run_address>0x20000500</run_address>
         <size>0xa0</size>
         <input_file_ref idref="fl-14e"/>
      </object_component>
      <object_component id="oc-2ea">
         <name>.bss:__CIOBUF_</name>
         <uninitialized>true</uninitialized>
         <run_address>0x200003e0</run_address>
         <size>0x120</size>
         <input_file_ref idref="fl-162"/>
      </object_component>
      <object_component id="oc-b4">
         <name>.common:Data_RX</name>
         <uninitialized>true</uninitialized>
         <run_address>0x20000604</run_address>
         <size>0x1</size>
      </object_component>
      <object_component id="oc-b2">
         <name>.common:buffer_TX</name>
         <uninitialized>true</uninitialized>
         <run_address>0x200005c4</run_address>
         <size>0x4</size>
      </object_component>
      <object_component id="oc-208">
         <name>.common:count$1</name>
         <uninitialized>true</uninitialized>
         <run_address>0x20000605</run_address>
         <size>0x1</size>
      </object_component>
      <object_component id="oc-209">
         <name>.common:count$2</name>
         <uninitialized>true</uninitialized>
         <run_address>0x20000606</run_address>
         <size>0x1</size>
      </object_component>
      <object_component id="oc-20a">
         <name>.common:count$3</name>
         <uninitialized>true</uninitialized>
         <run_address>0x20000607</run_address>
         <size>0x1</size>
      </object_component>
      <object_component id="oc-161">
         <name>.common:memory_control</name>
         <uninitialized>true</uninitialized>
         <run_address>0x200005a0</run_address>
         <size>0x14</size>
      </object_component>
      <object_component id="oc-12e">
         <name>.common:timing_mainclock</name>
         <uninitialized>true</uninitialized>
         <run_address>0x200005fc</run_address>
         <size>0x4</size>
      </object_component>
      <object_component id="oc-12f">
         <name>.common:timing_stopclock</name>
         <uninitialized>true</uninitialized>
         <run_address>0x20000600</run_address>
         <size>0x4</size>
      </object_component>
      <object_component id="oc-142">
         <name>.common:state_stopwatch</name>
         <uninitialized>true</uninitialized>
         <run_address>0x200005f0</run_address>
         <size>0x4</size>
      </object_component>
      <object_component id="oc-110">
         <name>.common:array</name>
         <uninitialized>true</uninitialized>
         <run_address>0x200005c0</run_address>
         <size>0x4</size>
      </object_component>
      <object_component id="oc-10d">
         <name>.common:head</name>
         <uninitialized>true</uninitialized>
         <run_address>0x200005d4</run_address>
         <size>0x4</size>
      </object_component>
      <object_component id="oc-10f">
         <name>.common:tail</name>
         <uninitialized>true</uninitialized>
         <run_address>0x200005f8</run_address>
         <size>0x4</size>
      </object_component>
      <object_component id="oc-127">
         <name>.common:ManagementOfQueues</name>
         <uninitialized>true</uninitialized>
         <run_address>0x200005bc</run_address>
         <size>0x4</size>
      </object_component>
      <object_component id="oc-125">
         <name>.common:pID</name>
         <uninitialized>true</uninitialized>
         <run_address>0x200005e4</run_address>
         <size>0x4</size>
      </object_component>
      <object_component id="oc-126">
         <name>.common:running</name>
         <uninitialized>true</uninitialized>
         <run_address>0x200005e8</run_address>
         <size>0x4</size>
      </object_component>
      <object_component id="oc-99">
         <name>.common:status$1</name>
         <uninitialized>true</uninitialized>
         <run_address>0x200005f4</run_address>
         <size>0x4</size>
      </object_component>
      <object_component id="oc-156">
         <name>.common:clock_TX</name>
         <uninitialized>true</uninitialized>
         <run_address>0x200005cc</run_address>
         <size>0x4</size>
      </object_component>
      <object_component id="oc-14e">
         <name>.common:clock_length</name>
         <uninitialized>true</uninitialized>
         <run_address>0x200005d0</run_address>
         <size>0x4</size>
      </object_component>
      <object_component id="oc-155">
         <name>.common:current_state</name>
         <uninitialized>true</uninitialized>
         <run_address>0x20000608</run_address>
         <size>0x1</size>
      </object_component>
      <object_component id="oc-150">
         <name>.common:hour</name>
         <uninitialized>true</uninitialized>
         <run_address>0x200005d8</run_address>
         <size>0x4</size>
      </object_component>
      <object_component id="oc-151">
         <name>.common:minute</name>
         <uninitialized>true</uninitialized>
         <run_address>0x200005e0</run_address>
         <size>0x4</size>
      </object_component>
      <object_component id="oc-152">
         <name>.common:second</name>
         <uninitialized>true</uninitialized>
         <run_address>0x200005ec</run_address>
         <size>0x4</size>
      </object_component>
      <object_component id="oc-153">
         <name>.common:milisecond</name>
         <uninitialized>true</uninitialized>
         <run_address>0x200005dc</run_address>
         <size>0x4</size>
      </object_component>
      <object_component id="oc-154">
         <name>.common:char_input</name>
         <uninitialized>true</uninitialized>
         <run_address>0x200005c8</run_address>
         <size>0x4</size>
      </object_component>
      <object_component id="oc-2d6">
         <name>.common:parmbuf</name>
         <uninitialized>true</uninitialized>
         <run_address>0x200005b4</run_address>
         <size>0x8</size>
      </object_component>
      <object_component id="oc-24">
         <name>.sysmem</name>
         <uninitialized>true</uninitialized>
         <run_address>0x20000a10</run_address>
         <size>0x8</size>
         <input_file_ref idref="fl-16c"/>
      </object_component>
      <object_component id="oc-31b">
         <name>.sysmem</name>
         <uninitialized>true</uninitialized>
         <run_address>0x20000a10</run_address>
         <size>0x0</size>
      </object_component>
      <object_component id="oc-23">
         <name>.stack</name>
         <uninitialized>true</uninitialized>
         <run_address>0x2000060c</run_address>
         <size>0x0</size>
         <input_file_ref idref="fl-13f"/>
      </object_component>
      <object_component id="oc-31a">
         <name>.stack</name>
         <uninitialized>true</uninitialized>
         <run_address>0x2000060c</run_address>
         <size>0x0</size>
      </object_component>
      <object_component id="oc-f">
         <name>.debug_info</name>
         <load_address>0x0</load_address>
         <run_address>0x0</run_address>
         <size>0xcd</size>
         <input_file_ref idref="fl-9"/>
      </object_component>
      <object_component id="oc-11">
         <name>.debug_info</name>
         <load_address>0xcd</load_address>
         <run_address>0xcd</run_address>
         <size>0xf3</size>
         <input_file_ref idref="fl-13f"/>
      </object_component>
      <object_component id="oc-16">
         <name>.debug_info</name>
         <load_address>0x1c0</load_address>
         <run_address>0x1c0</run_address>
         <size>0x194</size>
         <input_file_ref idref="fl-140"/>
      </object_component>
      <object_component id="oc-1d">
         <name>.debug_info</name>
         <load_address>0x354</load_address>
         <run_address>0x354</run_address>
         <size>0x16a</size>
         <input_file_ref idref="fl-142"/>
      </object_component>
      <object_component id="oc-21">
         <name>.debug_info</name>
         <load_address>0x4be</load_address>
         <run_address>0x4be</run_address>
         <size>0x18e</size>
         <input_file_ref idref="fl-141"/>
      </object_component>
      <object_component id="oc-25">
         <name>.debug_info</name>
         <load_address>0x64c</load_address>
         <run_address>0x64c</run_address>
         <size>0xb6</size>
         <input_file_ref idref="fl-16c"/>
      </object_component>
      <object_component id="oc-29">
         <name>.debug_info</name>
         <load_address>0x702</load_address>
         <run_address>0x702</run_address>
         <size>0x232</size>
         <input_file_ref idref="fl-9"/>
      </object_component>
      <object_component id="oc-2e">
         <name>.debug_info</name>
         <load_address>0x934</load_address>
         <run_address>0x934</run_address>
         <size>0x206</size>
         <input_file_ref idref="fl-c"/>
      </object_component>
      <object_component id="oc-32">
         <name>.debug_info</name>
         <load_address>0xb3a</load_address>
         <run_address>0xb3a</run_address>
         <size>0x229</size>
         <input_file_ref idref="fl-f"/>
      </object_component>
      <object_component id="oc-36">
         <name>.debug_info</name>
         <load_address>0xd63</load_address>
         <run_address>0xd63</run_address>
         <size>0x1b2</size>
         <input_file_ref idref="fl-5"/>
      </object_component>
      <object_component id="oc-3b">
         <name>.debug_info</name>
         <load_address>0xf15</load_address>
         <run_address>0xf15</run_address>
         <size>0x4b1</size>
         <input_file_ref idref="fl-2"/>
      </object_component>
      <object_component id="oc-41">
         <name>.debug_info</name>
         <load_address>0x13c6</load_address>
         <run_address>0x13c6</run_address>
         <size>0x19e</size>
         <input_file_ref idref="fl-9"/>
      </object_component>
      <object_component id="oc-44">
         <name>.debug_info</name>
         <load_address>0x1564</load_address>
         <run_address>0x1564</run_address>
         <size>0x13d</size>
         <input_file_ref idref="fl-14b"/>
      </object_component>
      <object_component id="oc-47">
         <name>.debug_info</name>
         <load_address>0x16a1</load_address>
         <run_address>0x16a1</run_address>
         <size>0x11c</size>
         <input_file_ref idref="fl-149"/>
      </object_component>
      <object_component id="oc-4c">
         <name>.debug_info</name>
         <load_address>0x17bd</load_address>
         <run_address>0x17bd</run_address>
         <size>0x1c2</size>
         <input_file_ref idref="fl-143"/>
      </object_component>
      <object_component id="oc-51">
         <name>.debug_info</name>
         <load_address>0x197f</load_address>
         <run_address>0x197f</run_address>
         <size>0xbe</size>
         <input_file_ref idref="fl-146"/>
      </object_component>
      <object_component id="oc-55">
         <name>.debug_info</name>
         <load_address>0x1a3d</load_address>
         <run_address>0x1a3d</run_address>
         <size>0xcc</size>
         <input_file_ref idref="fl-144"/>
      </object_component>
      <object_component id="oc-58">
         <name>.debug_info</name>
         <load_address>0x1b09</load_address>
         <run_address>0x1b09</run_address>
         <size>0x46</size>
         <input_file_ref idref="fl-140"/>
      </object_component>
      <object_component id="oc-5d">
         <name>.debug_info</name>
         <load_address>0x1b4f</load_address>
         <run_address>0x1b4f</run_address>
         <size>0xf2</size>
         <input_file_ref idref="fl-140"/>
      </object_component>
      <object_component id="oc-5f">
         <name>.debug_info</name>
         <load_address>0x1c41</load_address>
         <run_address>0x1c41</run_address>
         <size>0x46</size>
         <input_file_ref idref="fl-142"/>
      </object_component>
      <object_component id="oc-64">
         <name>.debug_info</name>
         <load_address>0x1c87</load_address>
         <run_address>0x1c87</run_address>
         <size>0xad</size>
         <input_file_ref idref="fl-142"/>
      </object_component>
      <object_component id="oc-67">
         <name>.debug_info</name>
         <load_address>0x1d34</load_address>
         <run_address>0x1d34</run_address>
         <size>0x1ef</size>
         <input_file_ref idref="fl-141"/>
      </object_component>
      <object_component id="oc-6b">
         <name>.debug_info</name>
         <load_address>0x1f23</load_address>
         <run_address>0x1f23</run_address>
         <size>0xb7</size>
         <input_file_ref idref="fl-141"/>
      </object_component>
      <object_component id="oc-6c">
         <name>.debug_info</name>
         <load_address>0x1fda</load_address>
         <run_address>0x1fda</run_address>
         <size>0x39</size>
         <input_file_ref idref="fl-141"/>
      </object_component>
      <object_component id="oc-73">
         <name>.debug_info</name>
         <load_address>0x2013</load_address>
         <run_address>0x2013</run_address>
         <size>0x1d7</size>
         <input_file_ref idref="fl-16c"/>
      </object_component>
      <object_component id="oc-75">
         <name>.debug_info</name>
         <load_address>0x21ea</load_address>
         <run_address>0x21ea</run_address>
         <size>0x26d</size>
         <input_file_ref idref="fl-145"/>
      </object_component>
      <object_component id="oc-7e">
         <name>.debug_info</name>
         <load_address>0x2457</load_address>
         <run_address>0x2457</run_address>
         <size>0x441</size>
         <input_file_ref idref="fl-6"/>
      </object_component>
      <object_component id="oc-80">
         <name>.debug_info</name>
         <load_address>0x2898</load_address>
         <run_address>0x2898</run_address>
         <size>0x46d</size>
         <input_file_ref idref="fl-10"/>
      </object_component>
      <object_component id="oc-85">
         <name>.debug_info</name>
         <load_address>0x2d05</load_address>
         <run_address>0x2d05</run_address>
         <size>0x302</size>
         <input_file_ref idref="fl-d"/>
      </object_component>
      <object_component id="oc-8b">
         <name>.debug_info</name>
         <load_address>0x3007</load_address>
         <run_address>0x3007</run_address>
         <size>0x22c</size>
         <input_file_ref idref="fl-e"/>
      </object_component>
      <object_component id="oc-8d">
         <name>.debug_info</name>
         <load_address>0x3233</load_address>
         <run_address>0x3233</run_address>
         <size>0x84</size>
         <input_file_ref idref="fl-2"/>
      </object_component>
      <object_component id="oc-92">
         <name>.debug_info</name>
         <load_address>0x32b7</load_address>
         <run_address>0x32b7</run_address>
         <size>0x1d9</size>
         <input_file_ref idref="fl-c"/>
      </object_component>
      <object_component id="oc-95">
         <name>.debug_info</name>
         <load_address>0x3490</load_address>
         <run_address>0x3490</run_address>
         <size>0x46c</size>
         <input_file_ref idref="fl-e"/>
      </object_component>
      <object_component id="oc-9b">
         <name>.debug_info</name>
         <load_address>0x38fc</load_address>
         <run_address>0x38fc</run_address>
         <size>0x2c</size>
         <input_file_ref idref="fl-2"/>
      </object_component>
      <object_component id="oc-a1">
         <name>.debug_info</name>
         <load_address>0x3928</load_address>
         <run_address>0x3928</run_address>
         <size>0x7c4</size>
         <input_file_ref idref="fl-b"/>
      </object_component>
      <object_component id="oc-a6">
         <name>.debug_info</name>
         <load_address>0x40ec</load_address>
         <run_address>0x40ec</run_address>
         <size>0x1a9</size>
         <input_file_ref idref="fl-b"/>
      </object_component>
      <object_component id="oc-a8">
         <name>.debug_info</name>
         <load_address>0x4295</load_address>
         <run_address>0x4295</run_address>
         <size>0x833</size>
         <input_file_ref idref="fl-12"/>
      </object_component>
      <object_component id="oc-af">
         <name>.debug_info</name>
         <load_address>0x4ac8</load_address>
         <run_address>0x4ac8</run_address>
         <size>0x4cd</size>
         <input_file_ref idref="fl-7"/>
      </object_component>
      <object_component id="oc-b3">
         <name>.debug_info</name>
         <load_address>0x4f95</load_address>
         <run_address>0x4f95</run_address>
         <size>0x1c2</size>
         <input_file_ref idref="fl-2"/>
      </object_component>
      <object_component id="oc-b8">
         <name>.debug_info</name>
         <load_address>0x5157</load_address>
         <run_address>0x5157</run_address>
         <size>0x18b</size>
         <input_file_ref idref="fl-9"/>
      </object_component>
      <object_component id="oc-bf">
         <name>.debug_info</name>
         <load_address>0x52e2</load_address>
         <run_address>0x52e2</run_address>
         <size>0x14b</size>
         <input_file_ref idref="fl-14c"/>
      </object_component>
      <object_component id="oc-c6">
         <name>.debug_info</name>
         <load_address>0x542d</load_address>
         <run_address>0x542d</run_address>
         <size>0x21e</size>
         <input_file_ref idref="fl-8"/>
      </object_component>
      <object_component id="oc-c9">
         <name>.debug_info</name>
         <load_address>0x564b</load_address>
         <run_address>0x564b</run_address>
         <size>0x11b</size>
         <input_file_ref idref="fl-149"/>
      </object_component>
      <object_component id="oc-cb">
         <name>.debug_info</name>
         <load_address>0x5766</load_address>
         <run_address>0x5766</run_address>
         <size>0xc8</size>
         <input_file_ref idref="fl-147"/>
      </object_component>
      <object_component id="oc-cd">
         <name>.debug_info</name>
         <load_address>0x582e</load_address>
         <run_address>0x582e</run_address>
         <size>0xeb</size>
         <input_file_ref idref="fl-143"/>
      </object_component>
      <object_component id="oc-cf">
         <name>.debug_info</name>
         <load_address>0x5919</load_address>
         <run_address>0x5919</run_address>
         <size>0x146</size>
         <input_file_ref idref="fl-143"/>
      </object_component>
      <object_component id="oc-d3">
         <name>.debug_info</name>
         <load_address>0x5a5f</load_address>
         <run_address>0x5a5f</run_address>
         <size>0x2c</size>
         <input_file_ref idref="fl-140"/>
      </object_component>
      <object_component id="oc-da">
         <name>.debug_info</name>
         <load_address>0x5a8b</load_address>
         <run_address>0x5a8b</run_address>
         <size>0x2c</size>
         <input_file_ref idref="fl-142"/>
      </object_component>
      <object_component id="oc-e6">
         <name>.debug_info</name>
         <load_address>0x5ab7</load_address>
         <run_address>0x5ab7</run_address>
         <size>0x2c</size>
         <input_file_ref idref="fl-16b"/>
      </object_component>
      <object_component id="oc-eb">
         <name>.debug_info</name>
         <load_address>0x5ae3</load_address>
         <run_address>0x5ae3</run_address>
         <size>0x62</size>
         <input_file_ref idref="fl-16c"/>
      </object_component>
      <object_component id="oc-f1">
         <name>.debug_info</name>
         <load_address>0x5b45</load_address>
         <run_address>0x5b45</run_address>
         <size>0x286</size>
         <input_file_ref idref="fl-154"/>
      </object_component>
      <object_component id="oc-f6">
         <name>.debug_info</name>
         <load_address>0x5dcb</load_address>
         <run_address>0x5dcb</run_address>
         <size>0x31f</size>
         <input_file_ref idref="fl-155"/>
      </object_component>
      <object_component id="oc-fd">
         <name>.debug_info</name>
         <load_address>0x60ea</load_address>
         <run_address>0x60ea</run_address>
         <size>0x128e</size>
         <input_file_ref idref="fl-148"/>
      </object_component>
      <object_component id="oc-100">
         <name>.debug_info</name>
         <load_address>0x7378</load_address>
         <run_address>0x7378</run_address>
         <size>0xac</size>
         <input_file_ref idref="fl-14e"/>
      </object_component>
      <object_component id="oc-102">
         <name>.debug_info</name>
         <load_address>0x7424</load_address>
         <run_address>0x7424</run_address>
         <size>0x1eb</size>
         <input_file_ref idref="fl-145"/>
      </object_component>
      <object_component id="oc-103">
         <name>.debug_info</name>
         <load_address>0x760f</load_address>
         <run_address>0x760f</run_address>
         <size>0x4e</size>
         <input_file_ref idref="fl-2"/>
      </object_component>
      <object_component id="oc-109">
         <name>.debug_info</name>
         <load_address>0x765d</load_address>
         <run_address>0x765d</run_address>
         <size>0xbf</size>
         <input_file_ref idref="fl-6"/>
      </object_component>
      <object_component id="oc-10c">
         <name>.debug_info</name>
         <load_address>0x771c</load_address>
         <run_address>0x771c</run_address>
         <size>0x1a0</size>
         <input_file_ref idref="fl-10"/>
      </object_component>
      <object_component id="oc-10e">
         <name>.debug_info</name>
         <load_address>0x78bc</load_address>
         <run_address>0x78bc</run_address>
         <size>0x16a</size>
         <input_file_ref idref="fl-d"/>
      </object_component>
      <object_component id="oc-114">
         <name>.debug_info</name>
         <load_address>0x7a26</load_address>
         <run_address>0x7a26</run_address>
         <size>0x8b</size>
         <input_file_ref idref="fl-4"/>
      </object_component>
      <object_component id="oc-119">
         <name>.debug_info</name>
         <load_address>0x7ab1</load_address>
         <run_address>0x7ab1</run_address>
         <size>0x1df</size>
         <input_file_ref idref="fl-4"/>
      </object_component>
      <object_component id="oc-120">
         <name>.debug_info</name>
         <load_address>0x7c90</load_address>
         <run_address>0x7c90</run_address>
         <size>0xb8</size>
         <input_file_ref idref="fl-3"/>
      </object_component>
      <object_component id="oc-129">
         <name>.debug_info</name>
         <load_address>0x7d48</load_address>
         <run_address>0x7d48</run_address>
         <size>0x2fa</size>
         <input_file_ref idref="fl-11"/>
      </object_component>
      <object_component id="oc-137">
         <name>.debug_info</name>
         <load_address>0x8042</load_address>
         <run_address>0x8042</run_address>
         <size>0x54d</size>
         <input_file_ref idref="fl-a"/>
      </object_component>
      <object_component id="oc-13a">
         <name>.debug_info</name>
         <load_address>0x858f</load_address>
         <run_address>0x858f</run_address>
         <size>0x523</size>
         <input_file_ref idref="fl-12"/>
      </object_component>
      <object_component id="oc-145">
         <name>.debug_info</name>
         <load_address>0x8ab2</load_address>
         <run_address>0x8ab2</run_address>
         <size>0x3dc</size>
         <input_file_ref idref="fl-3"/>
      </object_component>
      <object_component id="oc-159">
         <name>.debug_info</name>
         <load_address>0x8e8e</load_address>
         <run_address>0x8e8e</run_address>
         <size>0xc9</size>
         <input_file_ref idref="fl-7"/>
      </object_component>
      <object_component id="oc-15b">
         <name>.debug_info</name>
         <load_address>0x8f57</load_address>
         <run_address>0x8f57</run_address>
         <size>0x169</size>
         <input_file_ref idref="fl-7"/>
      </object_component>
      <object_component id="oc-166">
         <name>.debug_info</name>
         <load_address>0x90c0</load_address>
         <run_address>0x90c0</run_address>
         <size>0x148</size>
         <input_file_ref idref="fl-14c"/>
      </object_component>
      <object_component id="oc-16a">
         <name>.debug_info</name>
         <load_address>0x9208</load_address>
         <run_address>0x9208</run_address>
         <size>0x5e</size>
         <input_file_ref idref="fl-149"/>
      </object_component>
      <object_component id="oc-173">
         <name>.debug_info</name>
         <load_address>0x9266</load_address>
         <run_address>0x9266</run_address>
         <size>0x1d4</size>
         <input_file_ref idref="fl-147"/>
      </object_component>
      <object_component id="oc-176">
         <name>.debug_info</name>
         <load_address>0x943a</load_address>
         <run_address>0x943a</run_address>
         <size>0xd9</size>
         <input_file_ref idref="fl-147"/>
      </object_component>
      <object_component id="oc-17d">
         <name>.debug_info</name>
         <load_address>0x9513</load_address>
         <run_address>0x9513</run_address>
         <size>0x1e5</size>
         <input_file_ref idref="fl-166"/>
      </object_component>
      <object_component id="oc-181">
         <name>.debug_info</name>
         <load_address>0x96f8</load_address>
         <run_address>0x96f8</run_address>
         <size>0x20f</size>
         <input_file_ref idref="fl-167"/>
      </object_component>
      <object_component id="oc-186">
         <name>.debug_info</name>
         <load_address>0x9907</load_address>
         <run_address>0x9907</run_address>
         <size>0xb71</size>
         <input_file_ref idref="fl-158"/>
      </object_component>
      <object_component id="oc-18b">
         <name>.debug_info</name>
         <load_address>0xa478</load_address>
         <run_address>0xa478</run_address>
         <size>0x193</size>
         <input_file_ref idref="fl-154"/>
      </object_component>
      <object_component id="oc-18e">
         <name>.debug_info</name>
         <load_address>0xa60b</load_address>
         <run_address>0xa60b</run_address>
         <size>0x153</size>
         <input_file_ref idref="fl-15f"/>
      </object_component>
      <object_component id="oc-194">
         <name>.debug_info</name>
         <load_address>0xa75e</load_address>
         <run_address>0xa75e</run_address>
         <size>0x16b</size>
         <input_file_ref idref="fl-15b"/>
      </object_component>
      <object_component id="oc-197">
         <name>.debug_info</name>
         <load_address>0xa8c9</load_address>
         <run_address>0xa8c9</run_address>
         <size>0x224</size>
         <input_file_ref idref="fl-155"/>
      </object_component>
      <object_component id="oc-199">
         <name>.debug_info</name>
         <load_address>0xaaed</load_address>
         <run_address>0xaaed</run_address>
         <size>0x13a</size>
         <input_file_ref idref="fl-163"/>
      </object_component>
      <object_component id="oc-19f">
         <name>.debug_info</name>
         <load_address>0xac27</load_address>
         <run_address>0xac27</run_address>
         <size>0xd5</size>
         <input_file_ref idref="fl-157"/>
      </object_component>
      <object_component id="oc-1a1">
         <name>.debug_info</name>
         <load_address>0xacfc</load_address>
         <run_address>0xacfc</run_address>
         <size>0xdb</size>
         <input_file_ref idref="fl-150"/>
      </object_component>
      <object_component id="oc-1a5">
         <name>.debug_info</name>
         <load_address>0xadd7</load_address>
         <run_address>0xadd7</run_address>
         <size>0xed</size>
         <input_file_ref idref="fl-152"/>
      </object_component>
      <object_component id="oc-1aa">
         <name>.debug_info</name>
         <load_address>0xaec4</load_address>
         <run_address>0xaec4</run_address>
         <size>0xed</size>
         <input_file_ref idref="fl-151"/>
      </object_component>
      <object_component id="oc-1ad">
         <name>.debug_info</name>
         <load_address>0xafb1</load_address>
         <run_address>0xafb1</run_address>
         <size>0xdd</size>
         <input_file_ref idref="fl-150"/>
      </object_component>
      <object_component id="oc-1b1">
         <name>.debug_info</name>
         <load_address>0xb08e</load_address>
         <run_address>0xb08e</run_address>
         <size>0xe1</size>
         <input_file_ref idref="fl-153"/>
      </object_component>
      <object_component id="oc-1b5">
         <name>.debug_info</name>
         <load_address>0xb16f</load_address>
         <run_address>0xb16f</run_address>
         <size>0x177</size>
         <input_file_ref idref="fl-159"/>
      </object_component>
      <object_component id="oc-1bb">
         <name>.debug_info</name>
         <load_address>0xb2e6</load_address>
         <run_address>0xb2e6</run_address>
         <size>0xdf</size>
         <input_file_ref idref="fl-156"/>
      </object_component>
      <object_component id="oc-1bf">
         <name>.debug_info</name>
         <load_address>0xb3c5</load_address>
         <run_address>0xb3c5</run_address>
         <size>0xff</size>
         <input_file_ref idref="fl-14f"/>
      </object_component>
      <object_component id="oc-1c4">
         <name>.debug_info</name>
         <load_address>0xb4c4</load_address>
         <run_address>0xb4c4</run_address>
         <size>0xfc</size>
         <input_file_ref idref="fl-15c"/>
      </object_component>
      <object_component id="oc-1c6">
         <name>.debug_info</name>
         <load_address>0xb5c0</load_address>
         <run_address>0xb5c0</run_address>
         <size>0x110</size>
         <input_file_ref idref="fl-164"/>
      </object_component>
      <object_component id="oc-1cb">
         <name>.debug_info</name>
         <load_address>0xb6d0</load_address>
         <run_address>0xb6d0</run_address>
         <size>0x160</size>
         <input_file_ref idref="fl-15a"/>
      </object_component>
      <object_component id="oc-1d2">
         <name>.debug_info</name>
         <load_address>0xb830</load_address>
         <run_address>0xb830</run_address>
         <size>0x126</size>
         <input_file_ref idref="fl-14a"/>
      </object_component>
      <object_component id="oc-1d5">
         <name>.debug_info</name>
         <load_address>0xb956</load_address>
         <run_address>0xb956</run_address>
         <size>0x26b</size>
         <input_file_ref idref="fl-148"/>
      </object_component>
      <object_component id="oc-1d6">
         <name>.debug_info</name>
         <load_address>0xbbc1</load_address>
         <run_address>0xbbc1</run_address>
         <size>0x86</size>
         <input_file_ref idref="fl-148"/>
      </object_component>
      <object_component id="oc-1db">
         <name>.debug_info</name>
         <load_address>0xbc47</load_address>
         <run_address>0xbc47</run_address>
         <size>0x39</size>
         <input_file_ref idref="fl-148"/>
      </object_component>
      <object_component id="oc-1e2">
         <name>.debug_info</name>
         <load_address>0xbc80</load_address>
         <run_address>0xbc80</run_address>
         <size>0xc5</size>
         <input_file_ref idref="fl-14e"/>
      </object_component>
      <object_component id="oc-1e5">
         <name>.debug_info</name>
         <load_address>0xbd45</load_address>
         <run_address>0xbd45</run_address>
         <size>0xae</size>
         <input_file_ref idref="fl-145"/>
      </object_component>
      <object_component id="oc-1ec">
         <name>.debug_info</name>
         <load_address>0xbdf3</load_address>
         <run_address>0xbdf3</run_address>
         <size>0x1df</size>
         <input_file_ref idref="fl-6"/>
      </object_component>
      <object_component id="oc-1f5">
         <name>.debug_info</name>
         <load_address>0xbfd2</load_address>
         <run_address>0xbfd2</run_address>
         <size>0x55</size>
         <input_file_ref idref="fl-2"/>
      </object_component>
      <object_component id="oc-1fa">
         <name>.debug_info</name>
         <load_address>0xc027</load_address>
         <run_address>0xc027</run_address>
         <size>0x2bc</size>
         <input_file_ref idref="fl-4"/>
      </object_component>
      <object_component id="oc-1fc">
         <name>.debug_info</name>
         <load_address>0xc2e3</load_address>
         <run_address>0xc2e3</run_address>
         <size>0x125</size>
         <input_file_ref idref="fl-11"/>
      </object_component>
      <object_component id="oc-1fe">
         <name>.debug_info</name>
         <load_address>0xc408</load_address>
         <run_address>0xc408</run_address>
         <size>0x182</size>
         <input_file_ref idref="fl-a"/>
      </object_component>
      <object_component id="oc-200">
         <name>.debug_info</name>
         <load_address>0xc58a</load_address>
         <run_address>0xc58a</run_address>
         <size>0xfe</size>
         <input_file_ref idref="fl-a"/>
      </object_component>
      <object_component id="oc-203">
         <name>.debug_info</name>
         <load_address>0xc688</load_address>
         <run_address>0xc688</run_address>
         <size>0x10e</size>
         <input_file_ref idref="fl-2"/>
      </object_component>
      <object_component id="oc-20c">
         <name>.debug_info</name>
         <load_address>0xc796</load_address>
         <run_address>0xc796</run_address>
         <size>0x19b</size>
         <input_file_ref idref="fl-3"/>
      </object_component>
      <object_component id="oc-213">
         <name>.debug_info</name>
         <load_address>0xc931</load_address>
         <run_address>0xc931</run_address>
         <size>0xcd</size>
         <input_file_ref idref="fl-14c"/>
      </object_component>
      <object_component id="oc-21f">
         <name>.debug_info</name>
         <load_address>0xc9fe</load_address>
         <run_address>0xc9fe</run_address>
         <size>0x196</size>
         <input_file_ref idref="fl-168"/>
      </object_component>
      <object_component id="oc-222">
         <name>.debug_info</name>
         <load_address>0xcb94</load_address>
         <run_address>0xcb94</run_address>
         <size>0x1b5</size>
         <input_file_ref idref="fl-169"/>
      </object_component>
      <object_component id="oc-226">
         <name>.debug_info</name>
         <load_address>0xcd49</load_address>
         <run_address>0xcd49</run_address>
         <size>0x106</size>
         <input_file_ref idref="fl-166"/>
      </object_component>
      <object_component id="oc-228">
         <name>.debug_info</name>
         <load_address>0xce4f</load_address>
         <run_address>0xce4f</run_address>
         <size>0x139</size>
         <input_file_ref idref="fl-14e"/>
      </object_component>
      <object_component id="oc-22a">
         <name>.debug_info</name>
         <load_address>0xcf88</load_address>
         <run_address>0xcf88</run_address>
         <size>0x157</size>
         <input_file_ref idref="fl-167"/>
      </object_component>
      <object_component id="oc-22d">
         <name>.debug_info</name>
         <load_address>0xd0df</load_address>
         <run_address>0xd0df</run_address>
         <size>0x17e</size>
         <input_file_ref idref="fl-15e"/>
      </object_component>
      <object_component id="oc-232">
         <name>.debug_info</name>
         <load_address>0xd25d</load_address>
         <run_address>0xd25d</run_address>
         <size>0x16d</size>
         <input_file_ref idref="fl-15d"/>
      </object_component>
      <object_component id="oc-238">
         <name>.debug_info</name>
         <load_address>0xd3ca</load_address>
         <run_address>0xd3ca</run_address>
         <size>0x182</size>
         <input_file_ref idref="fl-160"/>
      </object_component>
      <object_component id="oc-23b">
         <name>.debug_info</name>
         <load_address>0xd54c</load_address>
         <run_address>0xd54c</run_address>
         <size>0xcb</size>
         <input_file_ref idref="fl-158"/>
      </object_component>
      <object_component id="oc-23d">
         <name>.debug_info</name>
         <load_address>0xd617</load_address>
         <run_address>0xd617</run_address>
         <size>0x45a</size>
         <input_file_ref idref="fl-158"/>
      </object_component>
      <object_component id="oc-23e">
         <name>.debug_info</name>
         <load_address>0xda71</load_address>
         <run_address>0xda71</run_address>
         <size>0x2c</size>
         <input_file_ref idref="fl-158"/>
      </object_component>
      <object_component id="oc-246">
         <name>.debug_info</name>
         <load_address>0xda9d</load_address>
         <run_address>0xda9d</run_address>
         <size>0x9f</size>
         <input_file_ref idref="fl-15f"/>
      </object_component>
      <object_component id="oc-248">
         <name>.debug_info</name>
         <load_address>0xdb3c</load_address>
         <run_address>0xdb3c</run_address>
         <size>0xb5</size>
         <input_file_ref idref="fl-15b"/>
      </object_component>
      <object_component id="oc-253">
         <name>.debug_info</name>
         <load_address>0xdbf1</load_address>
         <run_address>0xdbf1</run_address>
         <size>0x101</size>
         <input_file_ref idref="fl-159"/>
      </object_component>
      <object_component id="oc-258">
         <name>.debug_info</name>
         <load_address>0xdcf2</load_address>
         <run_address>0xdcf2</run_address>
         <size>0x10f</size>
         <input_file_ref idref="fl-165"/>
      </object_component>
      <object_component id="oc-25e">
         <name>.debug_info</name>
         <load_address>0xde01</load_address>
         <run_address>0xde01</run_address>
         <size>0xa6</size>
         <input_file_ref idref="fl-15a"/>
      </object_component>
      <object_component id="oc-260">
         <name>.debug_info</name>
         <load_address>0xdea7</load_address>
         <run_address>0xdea7</run_address>
         <size>0xaf</size>
         <input_file_ref idref="fl-14d"/>
      </object_component>
      <object_component id="oc-262">
         <name>.debug_info</name>
         <load_address>0xdf56</load_address>
         <run_address>0xdf56</run_address>
         <size>0xc5</size>
         <input_file_ref idref="fl-14a"/>
      </object_component>
      <object_component id="oc-265">
         <name>.debug_info</name>
         <load_address>0xe01b</load_address>
         <run_address>0xe01b</run_address>
         <size>0x2c</size>
         <input_file_ref idref="fl-148"/>
      </object_component>
      <object_component id="oc-26a">
         <name>.debug_info</name>
         <load_address>0xe047</load_address>
         <run_address>0xe047</run_address>
         <size>0x46</size>
         <input_file_ref idref="fl-148"/>
      </object_component>
      <object_component id="oc-27c">
         <name>.debug_info</name>
         <load_address>0xe08d</load_address>
         <run_address>0xe08d</run_address>
         <size>0x134</size>
         <input_file_ref idref="fl-168"/>
      </object_component>
      <object_component id="oc-27e">
         <name>.debug_info</name>
         <load_address>0xe1c1</load_address>
         <run_address>0xe1c1</run_address>
         <size>0x855</size>
         <input_file_ref idref="fl-16c"/>
      </object_component>
      <object_component id="oc-284">
         <name>.debug_info</name>
         <load_address>0xea16</load_address>
         <run_address>0xea16</run_address>
         <size>0x40a</size>
         <input_file_ref idref="fl-16b"/>
      </object_component>
      <object_component id="oc-288">
         <name>.debug_info</name>
         <load_address>0xee20</load_address>
         <run_address>0xee20</run_address>
         <size>0x175</size>
         <input_file_ref idref="fl-169"/>
      </object_component>
      <object_component id="oc-289">
         <name>.debug_info</name>
         <load_address>0xef95</load_address>
         <run_address>0xef95</run_address>
         <size>0xbb</size>
         <input_file_ref idref="fl-166"/>
      </object_component>
      <object_component id="oc-295">
         <name>.debug_info</name>
         <load_address>0xf050</load_address>
         <run_address>0xf050</run_address>
         <size>0x9a</size>
         <input_file_ref idref="fl-15e"/>
      </object_component>
      <object_component id="oc-297">
         <name>.debug_info</name>
         <load_address>0xf0ea</load_address>
         <run_address>0xf0ea</run_address>
         <size>0xaa</size>
         <input_file_ref idref="fl-15d"/>
      </object_component>
      <object_component id="oc-299">
         <name>.debug_info</name>
         <load_address>0xf194</load_address>
         <run_address>0xf194</run_address>
         <size>0xab</size>
         <input_file_ref idref="fl-160"/>
      </object_component>
      <object_component id="oc-29b">
         <name>.debug_info</name>
         <load_address>0xf23f</load_address>
         <run_address>0xf23f</run_address>
         <size>0x9e2</size>
         <input_file_ref idref="fl-161"/>
      </object_component>
      <object_component id="oc-2a3">
         <name>.debug_info</name>
         <load_address>0xfc21</load_address>
         <run_address>0xfc21</run_address>
         <size>0x120</size>
         <input_file_ref idref="fl-158"/>
      </object_component>
      <object_component id="oc-2af">
         <name>.debug_info</name>
         <load_address>0xfd41</load_address>
         <run_address>0xfd41</run_address>
         <size>0x9a</size>
         <input_file_ref idref="fl-165"/>
      </object_component>
      <object_component id="oc-2b4">
         <name>.debug_info</name>
         <load_address>0xfddb</load_address>
         <run_address>0xfddb</run_address>
         <size>0xa3</size>
         <input_file_ref idref="fl-14d"/>
      </object_component>
      <object_component id="oc-2ba">
         <name>.debug_info</name>
         <load_address>0xfe7e</load_address>
         <run_address>0xfe7e</run_address>
         <size>0x101</size>
         <input_file_ref idref="fl-16c"/>
      </object_component>
      <object_component id="oc-2bf">
         <name>.debug_info</name>
         <load_address>0xff7f</load_address>
         <run_address>0xff7f</run_address>
         <size>0x24d</size>
         <input_file_ref idref="fl-16d"/>
      </object_component>
      <object_component id="oc-2c3">
         <name>.debug_info</name>
         <load_address>0x101cc</load_address>
         <run_address>0x101cc</run_address>
         <size>0x1f1</size>
         <input_file_ref idref="fl-16b"/>
      </object_component>
      <object_component id="oc-2ce">
         <name>.debug_info</name>
         <load_address>0x103bd</load_address>
         <run_address>0x103bd</run_address>
         <size>0x236</size>
         <input_file_ref idref="fl-162"/>
      </object_component>
      <object_component id="oc-2d2">
         <name>.debug_info</name>
         <load_address>0x105f3</load_address>
         <run_address>0x105f3</run_address>
         <size>0x169</size>
         <input_file_ref idref="fl-16a"/>
      </object_component>
      <object_component id="oc-2d7">
         <name>.debug_info</name>
         <load_address>0x1075c</load_address>
         <run_address>0x1075c</run_address>
         <size>0x1ef</size>
         <input_file_ref idref="fl-161"/>
      </object_component>
      <object_component id="oc-2d9">
         <name>.debug_info</name>
         <load_address>0x1094b</load_address>
         <run_address>0x1094b</run_address>
         <size>0x39</size>
         <input_file_ref idref="fl-161"/>
      </object_component>
      <object_component id="oc-2e5">
         <name>.debug_info</name>
         <load_address>0x10984</load_address>
         <run_address>0x10984</run_address>
         <size>0xb6</size>
         <input_file_ref idref="fl-14e"/>
      </object_component>
      <object_component id="oc-2e7">
         <name>.debug_info</name>
         <load_address>0x10a3a</load_address>
         <run_address>0x10a3a</run_address>
         <size>0x1b5</size>
         <input_file_ref idref="fl-16d"/>
      </object_component>
      <object_component id="oc-2eb">
         <name>.debug_info</name>
         <load_address>0x10bef</load_address>
         <run_address>0x10bef</run_address>
         <size>0xb2</size>
         <input_file_ref idref="fl-162"/>
      </object_component>
      <object_component id="oc-2ed">
         <name>.debug_info</name>
         <load_address>0x10ca1</load_address>
         <run_address>0x10ca1</run_address>
         <size>0xca</size>
         <input_file_ref idref="fl-162"/>
      </object_component>
      <object_component id="oc-2ef">
         <name>.debug_info</name>
         <load_address>0x10d6b</load_address>
         <run_address>0x10d6b</run_address>
         <size>0xaa</size>
         <input_file_ref idref="fl-16a"/>
      </object_component>
      <object_component id="oc-31c">
         <name>.debug_info</name>
         <load_address>0x10e15</load_address>
         <run_address>0x10e15</run_address>
         <size>0x8b</size>
      </object_component>
      <object_component id="oc-12">
         <name>.debug_line</name>
         <load_address>0x0</load_address>
         <run_address>0x0</run_address>
         <size>0x49</size>
         <input_file_ref idref="fl-13f"/>
      </object_component>
      <object_component id="oc-17">
         <name>.debug_line</name>
         <load_address>0x49</load_address>
         <run_address>0x49</run_address>
         <size>0x55</size>
         <input_file_ref idref="fl-140"/>
      </object_component>
      <object_component id="oc-1c">
         <name>.debug_line</name>
         <load_address>0x9e</load_address>
         <run_address>0x9e</run_address>
         <size>0x4c</size>
         <input_file_ref idref="fl-142"/>
      </object_component>
      <object_component id="oc-1f">
[...]
      </symbol>
      <symbol id="sm-29f">
         <name>getId</name>
         <value>0x4a7d</value>
         <object_component_ref idref="oc-128"/>
      </symbol>
      <symbol id="sm-2a0">
         <name>promoteby</name>
         <value>0x4aad</value>
         <object_component_ref idref="oc-128"/>
      </symbol>
      <symbol id="sm-2a1">
         <name>terminate</name>
         <value>0x4a95</value>
         <object_component_ref idref="oc-128"/>
      </symbol>
      <symbol id="sm-37c">
         <name>clock_TX</name>
         <value>0x200005cc</value>
      </symbol>
      <symbol id="sm-37d">
         <name>clock_length</name>
         <value>0x200005d0</value>
      </symbol>
      <symbol id="sm-37e">
         <name>current_state</name>
         <value>0x20000608</value>
      </symbol>
      <symbol id="sm-37f">
         <name>hour</name>
         <value>0x200005d8</value>
      </symbol>
      <symbol id="sm-380">
         <name>minute</name>
         <value>0x200005e0</value>
      </symbol>
      <symbol id="sm-381">
         <name>second</name>
         <value>0x200005ec</value>
      </symbol>
      <symbol id="sm-382">
         <name>milisecond</name>
         <value>0x200005dc</value>
      </symbol>
      <symbol id="sm-383">
         <name>char_input</name>
         <value>0x200005c8</value>
      </symbol>
      <symbol id="sm-384">
         <name>convert_clock_to_string</name>
         <value>0x16c5</value>
         <object_component_ref idref="oc-a7"/>
      </symbol>
      <symbol id="sm-385">
         <name>generate_clock_string</name>
         <value>0x17c9</value>
         <object_component_ref idref="oc-a7"/>
      </symbol>
      <symbol id="sm-386">
         <name>generate_command_string</name>
         <value>0x180b</value>
         <object_component_ref idref="oc-a7"/>
      </symbol>
      <symbol id="sm-387">
         <name>print_st</name>
         <value>0xfc1</value>
         <object_component_ref idref="oc-a7"/>
      </symbol>
      <symbol id="sm-388">
         <name>send_clock_to_uart</name>
         <value>0x1937</value>
         <object_component_ref idref="oc-a7"/>
      </symbol>
      <symbol id="sm-389">
         <name>get_received_char</name>
         <value>0x1003</value>
         <object_component_ref idref="oc-a7"/>
      </symbol>
      <symbol id="sm-38a">
         <name>get_clock</name>
         <value>0x1697</value>
         <object_component_ref idref="oc-a7"/>
      </symbol>
      <symbol id="sm-38b">
         <name>print__id</name>
         <value>0x18b9</value>
         <object_component_ref idref="oc-a7"/>
      </symbol>
      <symbol id="sm-38c">
         <name>initialization_Control_Software</name>
         <value>0xf95</value>
         <object_component_ref idref="oc-a7"/>
      </symbol>
      <symbol id="sm-39a">
         <name>_c_int00</name>
         <value>0x4f81</value>
         <object_component_ref idref="oc-10"/>
      </symbol>
      <symbol id="sm-39b">
         <name>__stack</name>
         <value>0x2000060c</value>
         <object_component_ref idref="oc-23"/>
      </symbol>
      <symbol id="sm-3b1">
         <name>__TI_decompress_none</name>
         <value>0x510d</value>
         <object_component_ref idref="oc-14"/>
      </symbol>
      <symbol id="sm-3d3">
         <name>__TI_decompress_rle24</name>
         <value>0x5129</value>
         <object_component_ref idref="oc-1e"/>
      </symbol>
      <symbol id="sm-3eb">
         <name>__TI_zero_init</name>
         <value>0x50e9</value>
         <object_component_ref idref="oc-19"/>
      </symbol>
      <symbol id="sm-407">
         <name>C$$EXIT</name>
         <value>0x4ef9</value>
         <object_component_ref idref="oc-4b"/>
      </symbol>
      <symbol id="sm-408">
         <name>abort</name>
         <value>0x4efd</value>
         <object_component_ref idref="oc-4b"/>
      </symbol>
      <symbol id="sm-409">
         <name>exit</name>
         <value>0x4f05</value>
         <object_component_ref idref="oc-4b"/>
      </symbol>
      <symbol id="sm-40a">
         <name>__TI_dtors_ptr</name>
         <value>0x2000100c</value>
         <object_component_ref idref="oc-cc"/>
      </symbol>
      <symbol id="sm-40b">
         <name>__TI_cleanup_ptr</name>
         <value>0x20001008</value>
         <object_component_ref idref="oc-cc"/>
      </symbol>
      <symbol id="sm-425">
         <name>memcpy</name>
         <value>0x4741</value>
         <object_component_ref idref="oc-53"/>
      </symbol>
      <symbol id="sm-426">
         <name>__aeabi_memcpy</name>
         <value>0x4741</value>
         <object_component_ref idref="oc-53"/>
      </symbol>
      <symbol id="sm-427">
         <name>__aeabi_memcpy8</name>
         <value>0x4741</value>
         <object_component_ref idref="oc-53"/>
      </symbol>
      <symbol id="sm-428">
         <name>__aeabi_memcpy4</name>
         <value>0x4741</value>
         <object_component_ref idref="oc-53"/>
      </symbol>
      <symbol id="sm-445">
         <name>printf</name>
         <value>0x4b6d</value>
         <object_component_ref idref="oc-74"/>
      </symbol>
      <symbol id="sm-44c">
         <name>main_func_sp</name>
         <value>0x20001018</value>
         <object_component_ref idref="oc-50"/>
      </symbol>
      <symbol id="sm-462">
         <name>_nop</name>
         <value>0x50cf</value>
         <object_component_ref idref="oc-16f"/>
      </symbol>
      <symbol id="sm-463">
         <name>_lock</name>
         <value>0x20001000</value>
         <object_component_ref idref="oc-ca"/>
      </symbol>
      <symbol id="sm-464">
         <name>_unlock</name>
         <value>0x20001004</value>
         <object_component_ref idref="oc-ca"/>
      </symbol>
      <symbol id="sm-465">
         <name>_register_lock</name>
         <value>0x50c7</value>
         <object_component_ref idref="oc-16f"/>
      </symbol>
      <symbol id="sm-466">
         <name>_register_unlock</name>
         <value>0x50c1</value>
         <object_component_ref idref="oc-16f"/>
      </symbol>
      <symbol id="sm-554">
         <name>__TI_printfi</name>
         <value>0xc8b</value>
         <object_component_ref idref="oc-fa"/>
      </symbol>
      <symbol id="sm-567">
         <name>_args_main</name>
         <value>0x504d</value>
         <object_component_ref idref="oc-46"/>
      </symbol>
      <symbol id="sm-57c">
         <name>atoi</name>
         <value>0x4e21</value>
         <object_component_ref idref="oc-1cf"/>
      </symbol>
      <symbol id="sm-598">
         <name>__TI_auto_init</name>
         <value>0x4875</value>
         <object_component_ref idref="oc-42"/>
      </symbol>
      <symbol id="sm-5b0">
         <name>copy_in</name>
         <value>0x4eb5</value>
         <object_component_ref idref="oc-bd"/>
      </symbol>
      <symbol id="sm-5ba">
         <name>_ctypes_</name>
         <value>0x512e</value>
         <object_component_ref idref="oc-25f"/>
      </symbol>
      <symbol id="sm-5d0">
         <name>__aeabi_stdout</name>
         <value>0x20000fec</value>
         <object_component_ref idref="oc-227"/>
      </symbol>
      <symbol id="sm-5d1">
         <name>__TI_tmpnams</name>
         <value>0x20000500</value>
         <object_component_ref idref="oc-2e4"/>
      </symbol>
      <symbol id="sm-5d2">
         <name>__aeabi_stderr</name>
         <value>0x20000ff0</value>
         <object_component_ref idref="oc-227"/>
      </symbol>
      <symbol id="sm-5d3">
         <name>__aeabi_stdin</name>
         <value>0x20000fe8</value>
         <object_component_ref idref="oc-227"/>
      </symbol>
      <symbol id="sm-5d4">
         <name>_ftable</name>
         <value>0x20000e10</value>
         <object_component_ref idref="oc-ff"/>
      </symbol>
      <symbol id="sm-5d5">
         <name>__TI_ft_end</name>
         <value>0x20000fe4</value>
         <object_component_ref idref="oc-227"/>
      </symbol>
      <symbol id="sm-5eb">
         <name>__aeabi_dsub</name>
         <value>0x3b11</value>
         <object_component_ref idref="oc-1bd"/>
      </symbol>
      <symbol id="sm-5ec">
         <name>__aeabi_dadd</name>
         <value>0x3b1b</value>
         <object_component_ref idref="oc-1bd"/>
      </symbol>
      <symbol id="sm-60c">
         <name>__aeabi_cdcmpeq</name>
         <value>0x4909</value>
         <object_component_ref idref="oc-1a0"/>
      </symbol>
      <symbol id="sm-60d">
         <name>__aeabi_cdcmple</name>
         <value>0x4909</value>
         <object_component_ref idref="oc-1a0"/>
      </symbol>
      <symbol id="sm-60e">
         <name>__aeabi_cdrcmple</name>
         <value>0x4987</value>
         <object_component_ref idref="oc-1ac"/>
      </symbol>
      <symbol id="sm-621">
         <name>__aeabi_ddiv</name>
         <value>0x3e35</value>
         <object_component_ref idref="oc-1a8"/>
      </symbol>
      <symbol id="sm-62b">
         <name>__aeabi_dmul</name>
         <value>0x42c1</value>
         <object_component_ref idref="oc-1a4"/>
      </symbol>
      <symbol id="sm-634">
         <name>__aeabi_d2iz</name>
         <value>0x4e6d</value>
         <object_component_ref idref="oc-1b0"/>
      </symbol>
      <symbol id="sm-64b">
         <name>putc</name>
         <value>0x4729</value>
         <object_component_ref idref="oc-f0"/>
      </symbol>
      <symbol id="sm-64c">
         <name>fputc</name>
         <value>0x46a5</value>
         <object_component_ref idref="oc-f0"/>
      </symbol>
      <symbol id="sm-64d">
         <name>putchar</name>
         <value>0x472d</value>
         <object_component_ref idref="oc-f0"/>
      </symbol>
      <symbol id="sm-66e">
         <name>puts</name>
         <value>0x4077</value>
         <object_component_ref idref="oc-f5"/>
      </symbol>
      <symbol id="sm-66f">
         <name>fputs</name>
         <value>0x3f6d</value>
         <object_component_ref idref="oc-f5"/>
      </symbol>
      <symbol id="sm-678">
         <name>__aeabi_i2d</name>
         <value>0x4fe5</value>
         <object_component_ref idref="oc-1b9"/>
      </symbol>
      <symbol id="sm-680">
         <name>__aeabi_lmul</name>
         <value>0x5065</value>
         <object_component_ref idref="oc-19c"/>
      </symbol>
      <symbol id="sm-6cb">
         <name>open</name>
         <value>0x288f</value>
         <object_component_ref idref="oc-185"/>
      </symbol>
      <symbol id="sm-6cc">
         <name>add_device</name>
         <value>0x29b3</value>
         <object_component_ref idref="oc-185"/>
      </symbol>
      <symbol id="sm-6cd">
         <name>remove_device</name>
         <value>0x2843</value>
         <object_component_ref idref="oc-185"/>
      </symbol>
      <symbol id="sm-6ce">
         <name>lseek</name>
         <value>0x293d</value>
         <object_component_ref idref="oc-185"/>
      </symbol>
      <symbol id="sm-6cf">
         <name>read</name>
         <value>0x286b</value>
         <object_component_ref idref="oc-185"/>
      </symbol>
      <symbol id="sm-6d0">
         <name>rename</name>
         <value>0x2805</value>
         <object_component_ref idref="oc-185"/>
      </symbol>
      <symbol id="sm-6d1">
         <name>write</name>
         <value>0x2751</value>
         <object_component_ref idref="oc-185"/>
      </symbol>
      <symbol id="sm-6d2">
         <name>close</name>
         <value>0x2961</value>
         <object_component_ref idref="oc-185"/>
      </symbol>
      <symbol id="sm-6d3">
         <name>unlink</name>
         <value>0x27e1</value>
         <object_component_ref idref="oc-185"/>
      </symbol>
      <symbol id="sm-6e1">
         <name>ltoa</name>
         <value>0x4dc7</value>
         <object_component_ref idref="oc-1b4"/>
      </symbol>
      <symbol id="sm-6f0">
         <name>memccpy</name>
         <value>0x5033</value>
         <object_component_ref idref="oc-1ca"/>
      </symbol>
      <symbol id="sm-6ff">
         <name>memchr</name>
         <value>0x5095</value>
         <object_component_ref idref="oc-191"/>
      </symbol>
      <symbol id="sm-70d">
         <name>__aeabi_memset</name>
         <value>0x4a07</value>
         <object_component_ref idref="oc-1c1"/>
      </symbol>
      <symbol id="sm-70e">
         <name>memset</name>
         <value>0x4a0d</value>
         <object_component_ref idref="oc-1c1"/>
      </symbol>
      <symbol id="sm-70f">
         <name>__aeabi_memset8</name>
         <value>0x4a07</value>
         <object_component_ref idref="oc-1c1"/>
      </symbol>
      <symbol id="sm-710">
         <name>__aeabi_memset4</name>
         <value>0x4a07</value>
         <object_component_ref idref="oc-1c1"/>
      </symbol>
      <symbol id="sm-711">
         <name>__aeabi_memclr8</name>
         <value>0x4a05</value>
         <object_component_ref idref="oc-1c1"/>
      </symbol>
      <symbol id="sm-712">
         <name>__aeabi_memclr4</name>
         <value>0x4a05</value>
         <object_component_ref idref="oc-1c1"/>
      </symbol>
      <symbol id="sm-713">
         <name>__aeabi_memclr</name>
         <value>0x4a05</value>
         <object_component_ref idref="oc-1c1"/>
      </symbol>
      <symbol id="sm-722">
         <name>strchr</name>
         <value>0x50ab</value>
         <object_component_ref idref="oc-230"/>
      </symbol>
      <symbol id="sm-730">
         <name>strcmp</name>
         <value>0x507d</value>
         <object_component_ref idref="oc-22b"/>
      </symbol>
      <symbol id="sm-73d">
         <name>strlen</name>
         <value>0x50d5</value>
         <object_component_ref idref="oc-18c"/>
      </symbol>
      <symbol id="sm-74c">
         <name>strncpy</name>
         <value>0x4fb5</value>
         <object_component_ref idref="oc-235"/>
      </symbol>
      <symbol id="sm-76b">
         <name>HOSTgetenv</name>
         <value>0x2f87</value>
         <object_component_ref idref="oc-29a"/>
      </symbol>
      <symbol id="sm-76c">
         <name>HOSTrename</name>
         <value>0x2e2f</value>
         <object_component_ref idref="oc-29a"/>
      </symbol>
      <symbol id="sm-76d">
         <name>HOSTclose</name>
         <value>0x2fc5</value>
         <object_component_ref idref="oc-29a"/>
      </symbol>
      <symbol id="sm-76e">
         <name>HOSTunlink</name>
         <value>0x2dbd</value>
         <object_component_ref idref="oc-29a"/>
      </symbol>
      <symbol id="sm-76f">
         <name>HOSTlseek</name>
         <value>0x2f2b</value>
         <object_component_ref idref="oc-29a"/>
      </symbol>
      <symbol id="sm-770">
         <name>HOSTopen</name>
         <value>0x2ed9</value>
         <object_component_ref idref="oc-29a"/>
      </symbol>
      <symbol id="sm-771">
         <name>HOSTclock</name>
         <value>0x2ffd</value>
         <object_component_ref idref="oc-29a"/>
      </symbol>
      <symbol id="sm-772">
         <name>HOSTwrite</name>
         <value>0x2d71</value>
         <object_component_ref idref="oc-29a"/>
      </symbol>
      <symbol id="sm-773">
         <name>HOSTread</name>
         <value>0x2e8d</value>
         <object_component_ref idref="oc-29a"/>
      </symbol>
      <symbol id="sm-774">
         <name>HOSTtime</name>
         <value>0x2df5</value>
         <object_component_ref idref="oc-29a"/>
      </symbol>
      <symbol id="sm-78d">
         <name>__TI_readmsg</name>
         <value>0x4d37</value>
         <object_component_ref idref="oc-2cc"/>
      </symbol>
      <symbol id="sm-78e">
         <name>C$$IO$$</name>
         <value>0x4d33</value>
         <object_component_ref idref="oc-2cc"/>
      </symbol>
      <symbol id="sm-78f">
         <name>__CIOBUF_</name>
         <value>0x200003e0</value>
         <object_component_ref idref="oc-2ea"/>
      </symbol>
      <symbol id="sm-790">
         <name>__TI_writemsg</name>
         <value>0x4d09</value>
         <object_component_ref idref="oc-2cc"/>
      </symbol>
      <symbol id="sm-7ab">
         <name>__aeabi_uldivmod</name>
         <value>0x356d</value>
         <object_component_ref idref="oc-198"/>
      </symbol>
      <symbol id="sm-7b4">
         <name>_Dclass</name>
         <value>0x511b</value>
         <object_component_ref idref="oc-1c5"/>
      </symbol>
      <symbol id="sm-7c5">
         <name>_Dtest</name>
         <value>0x4f3d</value>
         <object_component_ref idref="oc-257"/>
      </symbol>
      <symbol id="sm-7e2">
         <name>__TI_wrt_ok</name>
         <value>0x4559</value>
         <object_component_ref idref="oc-17b"/>
      </symbol>
      <symbol id="sm-7e3">
         <name>__TI_rd_ok</name>
         <value>0x45bb</value>
         <object_component_ref idref="oc-17b"/>
      </symbol>
      <symbol id="sm-7fc">
         <name>__TI_doflush</name>
         <value>0x4499</value>
         <object_component_ref idref="oc-180"/>
      </symbol>
      <symbol id="sm-7fd">
         <name>fflush</name>
         <value>0x44e5</value>
         <object_component_ref idref="oc-180"/>
      </symbol>
      <symbol id="sm-80e">
         <name>fseek</name>
         <value>0x4ca5</value>
         <object_component_ref idref="oc-21b"/>
      </symbol>
      <symbol id="sm-829">
         <name>setvbuf</name>
         <value>0x43bd</value>
         <object_component_ref idref="oc-220"/>
      </symbol>
      <symbol id="sm-836">
         <name>strcpy</name>
         <value>0x50fb</value>
         <object_component_ref idref="oc-2d1"/>
      </symbol>
      <symbol id="sm-86d">
         <name>__TI_cleanup</name>
         <value>0x3a19</value>
         <object_component_ref idref="oc-282"/>
      </symbol>
      <symbol id="sm-86e">
         <name>freopen</name>
         <value>0x3a45</value>
         <object_component_ref idref="oc-282"/>
      </symbol>
      <symbol id="sm-86f">
         <name>fopen</name>
         <value>0x3a6f</value>
         <object_component_ref idref="oc-282"/>
      </symbol>
      <symbol id="sm-8db">
         <name>_sys_memory</name>
         <value>0x20000a10</value>
         <object_component_ref idref="oc-24"/>
      </symbol>
      <symbol id="sm-8dc">
         <name>free</name>
         <value>0x20f7</value>
         <object_component_ref idref="oc-27d"/>
      </symbol>
      <symbol id="sm-8dd">
         <name>realloc</name>
         <value>0x21b7</value>
         <object_component_ref idref="oc-27d"/>
      </symbol>
      <symbol id="sm-8de">
         <name>memalign</name>
         <value>0x22bd</value>
         <object_component_ref idref="oc-27d"/>
      </symbol>
      <symbol id="sm-8df">
         <name>calloc</name>
         <value>0x239d</value>
         <object_component_ref idref="oc-27d"/>
      </symbol>
      <symbol id="sm-8e0">
         <name>malloc</name>
         <value>0x2095</value>
         <object_component_ref idref="oc-27d"/>
      </symbol>
      <symbol id="sm-8e1">
         <name>minit</name>
         <value>0x2009</value>
         <object_component_ref idref="oc-27d"/>
      </symbol>
      <symbol id="sm-8f6">
         <name>__TI_closefile</name>
         <value>0x47dd</value>
         <object_component_ref idref="oc-2bc"/>
      </symbol>
      <symbol id="sm-8f7">
         <name>fclose</name>
         <value>0x4843</value>
         <object_component_ref idref="oc-2bc"/>
      </symbol>
      <symbol id="sm-8f9">
         <name>__TI_static_base__</name>
         <value>0x0</value>
      </symbol>
      <symbol id="sm-8fa">
         <name>__TI_args_main</name>
         <value>0x1</value>
      </symbol>
      <symbol id="sm-8fb">
         <name>SHT$$INIT_ARRAY$$Limit</name>
         <value>0x0</value>
      </symbol>
      <symbol id="sm-8fc">
         <name>SHT$$INIT_ARRAY$$Base</name>
         <value>0x0</value>
      </symbol>
      <symbol id="sm-900">
         <name>remove</name>
         <value>0x27e1</value>
      </symbol>
   </symbol_table>
   <title>Link successful</title>
</link_info>
